// Jest Snapshot v1, https://goo.gl/fbAQLP

exports[`<Header /> should render all the nav options 1`] = `
<header
  class="relative mx-auto max-w-5xl"
>
  <nav
    class="absolute w-full px-4 sm:px-6 sm:text-lg md:px-8"
  >
    <div
      class="flex items-center pt-6 text-base"
    >
      <div
        class="-mx-1 flex grow justify-between"
      >
        <div
          class="transition ease-in-out-cubic duration-300 opacity-0 -translate-y-4"
          style="transition-delay: undefinedms;"
        >
          <a
            aria-label="Home"
            class="rounded-md py-1 px-2 text-2xl font-semibold transition-colors duration-250 ease-in-out-cubic hover:bg-blue-100 focus:outline-none focus:ring-2 focus:ring-blue-700 focus:ring-offset-2"
            href="#"
          >
            ~/
          </a>
        </div>
        <div
          class="transition ease-in-out-cubic duration-300 opacity-0 -translate-y-4"
          style="transition-delay: 250ms;"
        >
          <button
            aria-expanded="false"
            class="h-10 w-10 rounded-md p-2 transition-colors duration-250 ease-in-out-cubic hover:bg-blue-100 focus:outline-none focus:ring-2 focus:ring-blue-700 focus:ring-offset-2 sm:hidden"
            id="headlessui-popover-button-:r0:"
            title="Menu"
            type="button"
          >
            <svg
              fill="none"
              role="img"
              stroke="currentColor"
              stroke-width="2"
              viewBox="0 0 24 24"
              xmlns="http://www.w3.org/2000/svg"
            >
              <title>
                Menu
              </title>
              <path
                d="M4 6h16M4 12h16M4 18h16"
                stroke-linecap="round"
                stroke-linejoin="round"
              />
            </svg>
          </button>
        </div>
      </div>
      <ol
        class="hidden space-x-6 sm:flex"
      >
        <li>
          <div
            class="transition ease-in-out-cubic duration-300 opacity-0 -translate-y-4"
            style="transition-delay: 250ms;"
          >
            <a
              class="link-underline rounded-md py-2 font-medium focus:outline-none focus:ring-2 focus:ring-blue-700 focus:ring-offset-2 focus:ring-offset-slate-50"
              href="#about"
            >
              About
            </a>
          </div>
        </li>
        <li>
          <div
            class="transition ease-in-out-cubic duration-300 opacity-0 -translate-y-4"
            style="transition-delay: 500ms;"
          >
            <a
              class="link-underline rounded-md py-2 font-medium focus:outline-none focus:ring-2 focus:ring-blue-700 focus:ring-offset-2 focus:ring-offset-slate-50"
              href="#experience"
            >
              Experience
            </a>
          </div>
        </li>
        <li>
          <div
            class="transition ease-in-out-cubic duration-300 opacity-0 -translate-y-4"
            style="transition-delay: 750ms;"
          >
            <a
              class="link-underline rounded-md py-2 font-medium focus:outline-none focus:ring-2 focus:ring-blue-700 focus:ring-offset-2 focus:ring-offset-slate-50"
              href="#contact"
            >
              Contact
            </a>
          </div>
        </li>
        <li>
          <div
            class="transition ease-in-out-cubic duration-300 opacity-0 -translate-y-4"
            style="transition-delay: 1000ms;"
          >
            <a
              class="rounded-lg border border-slate-300 px-5 py-3 font-semibold text-blue-700 transition-colors duration-250 ease-in-out-cubic hover:border-blue-700 hover:bg-blue-100 focus:outline-none focus:ring-2 focus:ring-blue-700 focus:ring-offset-2 focus:ring-offset-slate-50 undefined"
              href="/resume.pdf"
              target="_blank"
            >
              Resume
            </a>
          </div>
        </li>
      </ol>
    </div>
  </nav>
</header>
`
