// Jest Snapshot v1, https://goo.gl/fbAQLP

exports[`<Hero /> should render the heading 1`] = `
<section
  class="flex h-screen"
>
  <div
    class="my-auto max-w-xl space-y-4 text-justify text-xl sm:text-2xl"
  >
    <div
      class="duration-300 ease-in-out-cubic motion-reduce:transform-none opacity-0 translate-y-4"
      style="transition-delay: undefinedms;"
    >
      <h1>
        Hi, there! My name is
      </h1>
    </div>
    <div
      class="duration-300 ease-in-out-cubic motion-reduce:transform-none opacity-0 translate-y-4"
      style="transition-delay: 150ms;"
    >
      <h2
        class="bg-gradient-to-r from-[#4586e2] to-[#214bc1] bg-clip-text text-6xl font-extrabold leading-none tracking-tight text-transparent sm:text-[5rem]"
      >
        Vitor Escalfoni.
      </h2>
    </div>
    <div
      class="duration-300 ease-in-out-cubic motion-reduce:transform-none opacity-0 translate-y-4"
      style="transition-delay: 300ms;"
    >
      <h3>
        I'm a 
        <span
          class="font-medium"
        >
          software engineer
        </span>
         
        specialized in
         
        <span
          class="font-medium"
        >
          mobile app development,
        </span>
         
        passionate about crafting great user experiences and building
         
        <span
          class="font-medium"
        >
          outstanding products
        </span>
        .
      </h3>
    </div>
  </div>
</section>
`
